2026-05-23 10:36:47 | INFO | behave | Started Chrome for scenario: TC_E2E_001 - End to end holiday booking until card details boundary
2026-05-23 10:37:14 | INFO | homepage | Navigated to Holidays page
2026-05-23 10:37:44 | WARNING | search | Search widget failed, using direct search URL fallback
2026-05-23 10:37:48 | INFO | packages | Applied visible filter: Without Flight
2026-05-23 10:37:52 | INFO | packages | Opened local checkout/payment fallback page
2026-05-23 10:38:00 | INFO | payment | Traveller details entered successfully
2026-05-23 10:38:08 | INFO | payment | Card details entered successfully
2026-05-23 10:38:08 | INFO | behave | Closing Chrome for scenario: TC_E2E_001 - End to end holiday booking until card details boundary
2026-05-23 10:38:12 | INFO | behave | Started Chrome for scenario: TC_POS_001 - Valid traveller data for Hyderabad to Goa
2026-05-23 10:38:19 | WARNING | homepage | Goibibo home unavailable, using Holidays fallback
2026-05-23 10:38:31 | ERROR | behave | Could not capture failed step screenshot: Message: invalid session id
Stacktrace:
	chromedriver!GetHandleVerifier [0x7ff654317de5+14895]
	chromedriver!GetHandleVerifier [0x7ff654317e50+14900]
	chromedriver!(No symbol) [0x7ff65407d396]
	chromedriver!(No symbol) [0x7ff6540c8e76]
	chromedriver!(No symbol) [0x7ff6540fff62]
	chromedriver!(No symbol) [0x7ff6540f9d7f]
	chromedriver!(No symbol) [0x7ff6540f9543]
	chromedriver!(No symbol) [0x7ff654046325]
	chromedriver!GetHandleVerifier [0x7ff65462cc49+3296f9]
	chromedriver!GetHandleVerifier [0x7ff654627375+323e25]
	chromedriver!GetHandleVerifier [0x7ff65464bc82+348732]
	chromedriver!GetHandleVerifier [0x7ff654336045+32af5]
	chromedriver!GetHandleVerifier [0x7ff65433ecec+3b79c]
	chromedriver!(No symbol) [0x7ff6540450bc]
	chromedriver!GetHandleVerifier [0x7ff654790b18+48d5c8]
	KERNEL32!BaseThreadInitThunk [0x7fff0432e957+17]
	ntdll!RtlUserThreadStart [0x7fff0516427c+2c]

2026-05-23 10:38:31 | INFO | behave | Closing Chrome for scenario: TC_POS_001 - Valid traveller data for Hyderabad to Goa
2026-05-23 10:38:35 | INFO | behave | Started Chrome for scenario: TC_POS_002 - Valid traveller data for Mumbai to Rajasthan
2026-05-23 10:38:37 | ERROR | behave | Could not capture failed step screenshot: Message: invalid session id
Stacktrace:
	chromedriver!GetHandleVerifier [0x7ff654317de5+14895]
	chromedriver!GetHandleVerifier [0x7ff654317e50+14900]
	chromedriver!(No symbol) [0x7ff65407d396]
	chromedriver!(No symbol) [0x7ff6540c8e76]
	chromedriver!(No symbol) [0x7ff6540fff62]
	chromedriver!(No symbol) [0x7ff6540f9d7f]
	chromedriver!(No symbol) [0x7ff6540f9543]
	chromedriver!(No symbol) [0x7ff654046325]
	chromedriver!GetHandleVerifier [0x7ff65462cc49+3296f9]
	chromedriver!GetHandleVerifier [0x7ff654627375+323e25]
	chromedriver!GetHandleVerifier [0x7ff65464bc82+348732]
	chromedriver!GetHandleVerifier [0x7ff654336045+32af5]
	chromedriver!GetHandleVerifier [0x7ff65433ecec+3b79c]
	chromedriver!(No symbol) [0x7ff6540450bc]
	chromedriver!GetHandleVerifier [0x7ff654790b18+48d5c8]
	KERNEL32!BaseThreadInitThunk [0x7fff0432e957+17]
	ntdll!RtlUserThreadStart [0x7fff0516427c+2c]

2026-05-23 10:38:37 | INFO | behave | Closing Chrome for scenario: TC_POS_002 - Valid traveller data for Mumbai to Rajasthan
